// Jest Snapshot v1, https://goo.gl/fbAQLP

exports[`CookieConsent should render correctly 1`] = `
<div
  id="cookie-consent"
  style={
    Object {
      "alignItems": "center",
      "backgroundColor": "#fff",
      "boxShadow": "0 0 3px rgba(0, 0, 0, 0.12), 0 0 2px rgba(0, 0, 0, 0.24)",
      "color": "#000",
      "display": "flex",
      "flexFlow": "row",
      "justifyContent": "space-between",
      "left": 0,
      "padding": "10px",
      "position": "fixed",
      "right": 0,
      "top": 0,
      "visibility": "visible",
      "zIndex": 900,
    }
  }
>
  <div
    style={
      Object {
        "padding": "10px",
      }
    }
  >
    This website uses cookies to improve service, for analytical and advertising purposes.
  </div>
  <div
    id="cookie-consent-button"
    onClick={[Function]}
    style={
      Object {
        "backgroundColor": "#fff",
        "borderRadius": "3px",
        "boxShadow": "0 0 3px rgba(0, 0, 0, 0.12), 0 0 2px rgba(0, 0, 0, 0.24)",
        "color": "#000",
        "cursor": "pointer",
        "fontSize": "16px",
        "height": "16px",
        "lineHeight": "16px",
        "margin": "0 10px",
        "padding": "10px 20px",
        "whiteSpace": "nowrap",
      }
    }
  >
    I agree
  </div>
</div>
`;
